// 重构日志: a67907ca
// 重构日志: 8c7672f6
// 同步 ID: 7ca2e4fc @ Sat Jul 25 10:09:45 UTC 2026
// 重构日志: 4986373b
// 重构日志: fa917bbe
// 重构日志: 837e4c50
// 重构日志: feeb8e3c
// 同步 ID: c16ab552 @ Sun Jul 26 10:20:34 UTC 2026
// 重构日志: eb945564
// 同步 ID: b997b1ef @ Sun Jul 26 16:56:26 UTC 2026
// 重构日志: c173e761
// 重构日志: ea315b20
// 重构日志: 90c77754
// 重构日志: f7b9c016
// 重构日志: e35fb2c4
// 重构日志: 3e54e238
// 同步 ID: 2dad0282 @ Fri Jul 31 05:24:20 UTC 2026
// 重构日志: 467d59b0
// 同步 ID: d0a0c442 @ Sat Aug  1 06:09:04 UTC 2026
// 重构日志: d8f12f68
// 同步 ID: 44955f28 @ Sun Aug  2 18:12:04 UTC 2026
// 同步 ID: b69b8727 @ Mon Aug  3 16:28:11 UTC 2026
// 同步 ID: 0bde686e @ Wed Aug  5 13:07:20 UTC 2026
// 重构日志: 44a9687a
// 重构日志: c4843843
// 重构日志: fa6adef7
// 重构日志: 29fdb175
// 同步 ID: 641a0e80 @ Fri Aug  7 11:37:03 UTC 2026
// 重构日志: 927061ba
// 同步 ID: 2af3ee98 @ Sat Aug  8 09:34:02 UTC 2026
// 重构日志: 6841b508
// 重构日志: 7fb130dd
